(TranslationUnit
    (SymbolTable
        1
        {
            xerror:
                (Function
                    (SymbolTable
                        2
                        {
                            mess:
                                (Variable
                                    2
                                    mess
                                    []
                                    Unspecified
                                    ()
                                    ()
                                    Default
                                    (Character 1 1 () PointerString)
                                    ()
                                    Source
                                    Public
                                    Required
                                    .false.
                                )
                        })
                    xerror
                    (FunctionType
                        [(Character 1 1 () PointerString)]
                        ()
                        Source
                        Implementation
                        ()
                        .false.
                        .false.
                        .false.
                        .false.
                        .false.
                        []
                        .false.
                    )
                    []
                    [(Var 2 mess)]
                    [(Print
                        [(StringItem
                            (Var 2 mess)
                            (IntegerConstant 1 (Integer 4) Decimal)
                            (Character 1 1 () PointerString)
                            ()
                        )]
                        ()
                        ()
                    )
                    (Return)]
                    ()
                    Public
                    .false.
                    .false.
                    ()
                )
        })
    []
)
