(TranslationUnit
    (SymbolTable
        1
        {
            template_01:
                (Program
                    (SymbolTable
                        6
                        {
                            semigroup:
                                (ExternalSymbol
                                    6
                                    semigroup
                                    2 semigroup
                                    template_01_m
                                    []
                                    semigroup
                                    Public
                                ),
                            test_template:
                                (ExternalSymbol
                                    6
                                    test_template
                                    2 test_template
                                    template_01_m
                                    []
                                    test_template
                                    Public
                                )
                        })
                    template_01
                    [template_01_m]
                    []
                ),
            template_01_m:
                (Module
                    (SymbolTable
                        2
                        {
                            semigroup:
                                (Requirement
                                    (SymbolTable
                                        3
                                        {
                                            combine:
                                                (Function
                                                    (SymbolTable
                                                        4
                                                        {
                                                            combined:
                                                                (Variable
                                                                    4
                                                                    combined
                                                                    []
                                                                    ReturnVar
                                                                    ()
                                                                    ()
                                                                    Default
                                                                    (TypeParameter
                                                                        t
                                                                    )
                                                                    ()
                                                                    Source
                                                                    Private
                                                                    Required
                                                                    .false.
                                                                ),
                                                            x:
                                                                (Variable
                                                                    4
                                                                    x
                                                                    []
                                                                    In
                                                                    ()
                                                                    ()
                                                                    Default
                                                                    (TypeParameter
                                                                        t
                                                                    )
                                                                    ()
                                                                    Source
                                                                    Private
                                                                    Required
                                                                    .false.
                                                                ),
                                                            y:
                                                                (Variable
                                                                    4
                                                                    y
                                                                    []
                                                                    In
                                                                    ()
                                                                    ()
                                                                    Default
                                                                    (TypeParameter
                                                                        t
                                                                    )
                                                                    ()
                                                                    Source
                                                                    Private
                                                                    Required
                                                                    .false.
                                                                )
                                                        })
                                                    combine
                                                    (FunctionType
                                                        [(TypeParameter
                                                            t
                                                        )
                                                        (TypeParameter
                                                            t
                                                        )]
                                                        (TypeParameter
                                                            t
                                                        )
                                                        Source
                                                        Implementation
                                                        ()
                                                        .true.
                                                        .false.
                                                        .false.
                                                        .false.
                                                        .false.
                                                        []
                                                        .true.
                                                    )
                                                    []
                                                    [(Var 4 x)
                                                    (Var 4 y)]
                                                    []
                                                    (Var 4 combined)
                                                    Private
                                                    .false.
                                                    .false.
                                                    ()
                                                ),
                                            t:
                                                (Variable
                                                    3
                                                    t
                                                    []
                                                    In
                                                    ()
                                                    ()
                                                    Default
                                                    (TypeParameter
                                                        t
                                                    )
                                                    ()
                                                    Source
                                                    Private
                                                    Required
                                                    .false.
                                                )
                                        })
                                    semigroup
                                    [t]
                                    []
                                ),
                            test_template:
                                (Function
                                    (SymbolTable
                                        5
                                        {
                                            
                                        })
                                    test_template
                                    (FunctionType
                                        []
                                        ()
                                        Source
                                        Implementation
                                        ()
                                        .false.
                                        .false.
                                        .false.
                                        .false.
                                        .false.
                                        []
                                        .false.
                                    )
                                    []
                                    []
                                    []
                                    ()
                                    Private
                                    .false.
                                    .false.
                                    ()
                                )
                        })
                    template_01_m
                    []
                    .false.
                    .false.
                )
        })
    []
)
