(TranslationUnit
    (SymbolTable
        1
        {
            write2:
                (Program
                    (SymbolTable
                        2
                        {
                            i:
                                (Variable
                                    2
                                    i
                                    []
                                    Local
                                    ()
                                    ()
                                    Default
                                    (Integer 4)
                                    ()
                                    Source
                                    Public
                                    Required
                                    .false.
                                )
                        })
                    write2
                    []
                    [(FileWrite
                        0
                        ()
                        ()
                        ()
                        ()
                        [(StringFormat
                            (StringConstant
                                "(a)"
                                (Character 1 3 () PointerString)
                            )
                            [(StringConstant
                                "Some text: "
                                (Character 1 11 () PointerString)
                            )]
                            FormatFortran
                            (Character -1 0 () PointerString)
                            ()
                        )]
                        ()
                        (StringConstant
                            ""
                            (Character 1 0 () PointerString)
                        )
                        ()
                    )
                    (FileRead
                        0
                        ()
                        ()
                        ()
                        ()
                        ()
                        ()
                        [(Var 2 i)]
                        ()
                    )
                    (Print
                        [(StringFormat
                            ()
                            [(StringConstant
                                "Got: "
                                (Character 1 5 () PointerString)
                            )
                            (Var 2 i)]
                            FormatFortran
                            (Character -1 0 () PointerString)
                            ()
                        )]
                        ()
                        ()
                    )]
                )
        })
    []
)
