(TranslationUnit
    (SymbolTable
        1
        {
            character2:
                (Program
                    (SymbolTable
                        2
                        {
                            char1:
                                (Variable
                                    2
                                    char1
                                    []
                                    Local
                                    (StringConstant
                                        "Goat"
                                        (Character 1 4 () PointerString)
                                    )
                                    (StringConstant
                                        "Goat"
                                        (Character 1 4 () PointerString)
                                    )
                                    Save
                                    (Character 1 4 () PointerString)
                                    ()
                                    Source
                                    Public
                                    Required
                                    .false.
                                ),
                            char2:
                                (Variable
                                    2
                                    char2
                                    []
                                    Local
                                    ()
                                    ()
                                    Default
                                    (Character 1 4 () PointerString)
                                    ()
                                    Source
                                    Public
                                    Required
                                    .false.
                                ),
                            char_param:
                                (Variable
                                    2
                                    char_param
                                    []
                                    Local
                                    (StringConstant
                                        "App"
                                        (Character 1 3 () PointerString)
                                    )
                                    (StringConstant
                                        "App"
                                        (Character 1 3 () PointerString)
                                    )
                                    Parameter
                                    (Character 1 3 () PointerString)
                                    ()
                                    Source
                                    Public
                                    Required
                                    .false.
                                )
                        })
                    character2
                    []
                    [(Assignment
                        (Var 2 char2)
                        (StringConstant
                            "Balle"
                            (Character 1 5 () PointerString)
                        )
                        ()
                    )]
                )
        })
    []
)
