(TranslationUnit
    (SymbolTable
        1
        {
            preprocessor14:
                (Program
                    (SymbolTable
                        2
                        {
                            
                        })
                    preprocessor14
                    []
                    [(Print
                        [(StringConstant
                            "X == 1"
                            (Character 1 6 () PointerString)
                        )]
                        ()
                        ()
                    )
                    (Print
                        [(StringConstant
                            "X == 1"
                            (Character 1 6 () PointerString)
                        )]
                        ()
                        ()
                    )
                    (Print
                        [(StringConstant
                            "X == 1"
                            (Character 1 6 () PointerString)
                        )]
                        ()
                        ()
                    )
                    (Print
                        [(StringConstant
                            "X == 1"
                            (Character 1 6 () PointerString)
                        )]
                        ()
                        ()
                    )
                    (Print
                        [(StringConstant
                            "X == 1"
                            (Character 1 6 () PointerString)
                        )]
                        ()
                        ()
                    )
                    (Print
                        [(StringConstant
                            "X == 1"
                            (Character 1 6 () PointerString)
                        )]
                        ()
                        ()
                    )]
                )
        })
    []
)
