(TranslationUnit
    (SymbolTable
        1
        {
            test_cpp_hex:
                (Program
                    (SymbolTable
                        2
                        {
                            
                        })
                    test_cpp_hex
                    []
                    [(Print
                        [(StringConstant
                            "yes hex and int equal"
                            (Character 1 21 () PointerString)
                        )]
                        ()
                        ()
                    )
                    (Print
                        [(StringConstant
                            "yes hex and bin equal"
                            (Character 1 21 () PointerString)
                        )]
                        ()
                        ()
                    )
                    (Print
                        [(StringConstant
                            "yes bin and int equal"
                            (Character 1 21 () PointerString)
                        )]
                        ()
                        ()
                    )]
                )
        })
    []
)
