[{"kind":12,"location":{"range":{"start":{"character":5,"line":8},"end":{"character":24,"line":12}},"uri":"uri"},"name":"eval_1d","filename":"tests/function_call1.f90"}]