(TranslationUnit
    (SymbolTable
        1
        {
            finalize_02:
                (Program
                    (SymbolTable
                        4
                        {
                            c:
                                (Variable
                                    4
                                    c
                                    []
                                    Local
                                    ()
                                    ()
                                    Default
                                    (StructType
                                        4 circle
                                    )
                                    ()
                                    Source
                                    Public
                                    Required
                                    .false.
                                ),
                            circle:
                                (ExternalSymbol
                                    4
                                    circle
                                    2 circle
                                    finalize_module
                                    []
                                    circle
                                    Public
                                ),
                            int:
                                (Variable
                                    4
                                    int
                                    []
                                    Local
                                    ()
                                    ()
                                    Default
                                    (Allocatable
                                        (Array
                                            (Integer 4)
                                            [(()
                                            ())]
                                            DescriptorArray
                                        )
                                    )
                                    ()
                                    Source
                                    Public
                                    Required
                                    .false.
                                ),
                            my_int:
                                (Struct
                                    (SymbolTable
                                        5
                                        {
                                            1_my_int_int:
                                                (ExternalSymbol
                                                    5
                                                    1_my_int_int
                                                    5 int
                                                    my_int
                                                    []
                                                    int
                                                    Public
                                                ),
                                            int:
                                                (Variable
                                                    5
                                                    int
                                                    []
                                                    Local
                                                    ()
                                                    ()
                                                    Default
                                                    (Allocatable
                                                        (Array
                                                            (Integer 4)
                                                            [(()
                                                            ())]
                                                            DescriptorArray
                                                        )
                                                    )
                                                    ()
                                                    Source
                                                    Public
                                                    Required
                                                    .false.
                                                )
                                        })
                                    my_int
                                    []
                                    [int]
                                    Source
                                    Public
                                    .false.
                                    .false.
                                    []
                                    ()
                                    ()
                                ),
                            sub:
                                (Function
                                    (SymbolTable
                                        6
                                        {
                                            my_int_sub:
                                                (Struct
                                                    (SymbolTable
                                                        7
                                                        {
                                                            int:
                                                                (Variable
                                                                    7
                                                                    int
                                                                    []
                                                                    Local
                                                                    ()
                                                                    ()
                                                                    Default
                                                                    (Allocatable
                                                                        (Array
                                                                            (Integer 4)
                                                                            [(()
                                                                            ())]
                                                                            DescriptorArray
                                                                        )
                                                                    )
                                                                    ()
                                                                    Source
                                                                    Public
                                                                    Required
                                                                    .false.
                                                                )
                                                        })
                                                    my_int_sub
                                                    []
                                                    [int]
                                                    Source
                                                    Public
                                                    .false.
                                                    .false.
                                                    []
                                                    ()
                                                    ()
                                                ),
                                            x_sub:
                                                (Variable
                                                    6
                                                    x_sub
                                                    []
                                                    Local
                                                    ()
                                                    ()
                                                    Default
                                                    (StructType
                                                        4 my_int
                                                    )
                                                    ()
                                                    Source
                                                    Public
                                                    Required
                                                    .false.
                                                )
                                        })
                                    sub
                                    (FunctionType
                                        []
                                        ()
                                        Source
                                        Implementation
                                        ()
                                        .false.
                                        .false.
                                        .false.
                                        .false.
                                        .false.
                                        []
                                        .false.
                                    )
                                    []
                                    []
                                    [(ImplicitDeallocate
                                        [(StructInstanceMember
                                            (Var 6 x_sub)
                                            5 1_my_int_int
                                            (Allocatable
                                                (Array
                                                    (Integer 4)
                                                    [(()
                                                    ())]
                                                    DescriptorArray
                                                )
                                            )
                                            ()
                                        )]
                                    )]
                                    ()
                                    Public
                                    .false.
                                    .false.
                                    ()
                                ),
                            x_int:
                                (Variable
                                    4
                                    x_int
                                    []
                                    Local
                                    ()
                                    ()
                                    Default
                                    (StructType
                                        4 my_int
                                    )
                                    ()
                                    Source
                                    Public
                                    Required
                                    .false.
                                )
                        })
                    finalize_02
                    [finalize_module]
                    [(SubroutineCall
                        4 sub
                        ()
                        []
                        ()
                    )
                    (SubroutineCall
                        4 sub
                        ()
                        []
                        ()
                    )
                    (ImplicitDeallocate
                        [(StructInstanceMember
                            (Var 4 c)
                            3 1_circle_radius
                            (Allocatable
                                (Array
                                    (Real 4)
                                    [(()
                                    ())]
                                    DescriptorArray
                                )
                            )
                            ()
                        )
                        (Var 4 int)
                        (StructInstanceMember
                            (Var 4 x_int)
                            5 1_my_int_int
                            (Allocatable
                                (Array
                                    (Integer 4)
                                    [(()
                                    ())]
                                    DescriptorArray
                                )
                            )
                            ()
                        )]
                    )]
                ),
            finalize_module:
                (Module
                    (SymbolTable
                        2
                        {
                            circle:
                                (Struct
                                    (SymbolTable
                                        3
                                        {
                                            1_circle_radius:
                                                (ExternalSymbol
                                                    3
                                                    1_circle_radius
                                                    3 radius
                                                    circle
                                                    []
                                                    radius
                                                    Public
                                                ),
                                            radius:
                                                (Variable
                                                    3
                                                    radius
                                                    []
                                                    Local
                                                    ()
                                                    ()
                                                    Default
                                                    (Allocatable
                                                        (Array
                                                            (Real 4)
                                                            [(()
                                                            ())]
                                                            DescriptorArray
                                                        )
                                                    )
                                                    ()
                                                    Source
                                                    Public
                                                    Required
                                                    .false.
                                                )
                                        })
                                    circle
                                    []
                                    [radius]
                                    Source
                                    Public
                                    .false.
                                    .false.
                                    []
                                    ()
                                    ()
                                )
                        })
                    finalize_module
                    []
                    .false.
                    .false.
                )
        })
    []
)
