(TranslationUnit
    (SymbolTable
        1
        {
            array13:
                (Program
                    (SymbolTable
                        2
                        {
                            __1_k:
                                (Variable
                                    2
                                    __1_k
                                    []
                                    Local
                                    ()
                                    ()
                                    Default
                                    (Integer 4)
                                    ()
                                    Source
                                    Public
                                    Required
                                    .false.
                                    .false.
                                ),
                            numbers:
                                (Variable
                                    2
                                    numbers
                                    []
                                    Local
                                    ()
                                    ()
                                    Save
                                    (Array
                                        (Integer 4)
                                        [((IntegerConstant 1 (Integer 4) Decimal)
                                        (IntegerConstant 5 (Integer 4) Decimal))]
                                        FixedSizeArray
                                    )
                                    ()
                                    Source
                                    Public
                                    Required
                                    .false.
                                    .false.
                                )
                        })
                    array13
                    []
                    [(Assignment
                        (Var 2 __1_k)
                        (ArrayBound
                            (Var 2 numbers)
                            (IntegerConstant 1 (Integer 4) Decimal)
                            (Integer 4)
                            LBound
                            ()
                        )
                        ()
                    )
                    (Assignment
                        (ArrayItem
                            (Var 2 numbers)
                            [(()
                            (Var 2 __1_k)
                            ())]
                            (Integer 4)
                            RowMajor
                            ()
                        )
                        (IntegerConstant 5 (Integer 4) Decimal)
                        ()
                    )
                    (Assignment
                        (Var 2 __1_k)
                        (IntegerBinOp
                            (Var 2 __1_k)
                            Add
                            (IntegerConstant 1 (Integer 4) Decimal)
                            (Integer 4)
                            ()
                        )
                        ()
                    )
                    (Assignment
                        (ArrayItem
                            (Var 2 numbers)
                            [(()
                            (Var 2 __1_k)
                            ())]
                            (Integer 4)
                            RowMajor
                            ()
                        )
                        (IntegerConstant 4 (Integer 4) Decimal)
                        ()
                    )
                    (Assignment
                        (Var 2 __1_k)
                        (IntegerBinOp
                            (Var 2 __1_k)
                            Add
                            (IntegerConstant 1 (Integer 4) Decimal)
                            (Integer 4)
                            ()
                        )
                        ()
                    )
                    (Assignment
                        (ArrayItem
                            (Var 2 numbers)
                            [(()
                            (Var 2 __1_k)
                            ())]
                            (Integer 4)
                            RowMajor
                            ()
                        )
                        (IntegerConstant 2 (Integer 4) Decimal)
                        ()
                    )
                    (Assignment
                        (Var 2 __1_k)
                        (IntegerBinOp
                            (Var 2 __1_k)
                            Add
                            (IntegerConstant 1 (Integer 4) Decimal)
                            (Integer 4)
                            ()
                        )
                        ()
                    )
                    (Assignment
                        (ArrayItem
                            (Var 2 numbers)
                            [(()
                            (Var 2 __1_k)
                            ())]
                            (Integer 4)
                            RowMajor
                            ()
                        )
                        (IntegerConstant 1 (Integer 4) Decimal)
                        ()
                    )
                    (Assignment
                        (Var 2 __1_k)
                        (IntegerBinOp
                            (Var 2 __1_k)
                            Add
                            (IntegerConstant 1 (Integer 4) Decimal)
                            (Integer 4)
                            ()
                        )
                        ()
                    )
                    (Assignment
                        (ArrayItem
                            (Var 2 numbers)
                            [(()
                            (Var 2 __1_k)
                            ())]
                            (Integer 4)
                            RowMajor
                            ()
                        )
                        (IntegerConstant 3 (Integer 4) Decimal)
                        ()
                    )
                    (Assignment
                        (Var 2 __1_k)
                        (IntegerBinOp
                            (Var 2 __1_k)
                            Add
                            (IntegerConstant 1 (Integer 4) Decimal)
                            (Integer 4)
                            ()
                        )
                        ()
                    )]
                )
        })
    []
)
