(TranslationUnit
    (SymbolTable
        1
        {
            case_07:
                (Program
                    (SymbolTable
                        2
                        {
                            test_case:
                                (Function
                                    (SymbolTable
                                        3
                                        {
                                            c:
                                                (Variable
                                                    3
                                                    c
                                                    []
                                                    In
                                                    ()
                                                    ()
                                                    Default
                                                    (Character 1 1 () PointerString)
                                                    ()
                                                    Source
                                                    Public
                                                    Required
                                                    .false.
                                                ),
                                            res:
                                                (Variable
                                                    3
                                                    res
                                                    []
                                                    ReturnVar
                                                    ()
                                                    ()
                                                    Default
                                                    (Character 1 10 () PointerString)
                                                    ()
                                                    Source
                                                    Public
                                                    Required
                                                    .false.
                                                )
                                        })
                                    test_case
                                    (FunctionType
                                        [(Character 1 1 () PointerString)]
                                        (Character 1 10 () PointerString)
                                        Source
                                        Implementation
                                        ()
                                        .false.
                                        .false.
                                        .false.
                                        .false.
                                        .false.
                                        []
                                        .false.
                                    )
                                    []
                                    [(Var 3 c)]
                                    [(If
                                        (LogicalBinOp
                                            (StringCompare
                                                (StringConstant
                                                    "a"
                                                    (Character 1 1 () PointerString)
                                                )
                                                LtE
                                                (Var 3 c)
                                                (Logical 4)
                                                ()
                                            )
                                            And
                                            (StringCompare
                                                (Var 3 c)
                                                LtE
                                                (StringConstant
                                                    "j"
                                                    (Character 1 1 () PointerString)
                                                )
                                                (Logical 4)
                                                ()
                                            )
                                            (Logical 4)
                                            ()
                                        )
                                        [(Assignment
                                            (Var 3 res)
                                            (StringConstant
                                                "a:j"
                                                (Character 1 3 () PointerString)
                                            )
                                            ()
                                        )
                                        (Print
                                            [(StringConstant
                                                "one of the first ten letters"
                                                (Character 1 28 () PointerString)
                                            )]
                                            ()
                                            ()
                                        )]
                                        [(If
                                            (LogicalBinOp
                                                (StringCompare
                                                    (StringConstant
                                                        "l"
                                                        (Character 1 1 () PointerString)
                                                    )
                                                    LtE
                                                    (Var 3 c)
                                                    (Logical 4)
                                                    ()
                                                )
                                                And
                                                (StringCompare
                                                    (Var 3 c)
                                                    LtE
                                                    (StringConstant
                                                        "p"
                                                        (Character 1 1 () PointerString)
                                                    )
                                                    (Logical 4)
                                                    ()
                                                )
                                                (Logical 4)
                                                ()
                                            )
                                            [(Assignment
                                                (Var 3 res)
                                                (StringConstant
                                                    "l:p"
                                                    (Character 1 3 () PointerString)
                                                )
                                                ()
                                            )
                                            (Print
                                                [(StringConstant
                                                    "one of l, m, n, o, p"
                                                    (Character 1 20 () PointerString)
                                                )]
                                                ()
                                                ()
                                            )]
                                            [(If
                                                (StringCompare
                                                    (Var 3 c)
                                                    Eq
                                                    (StringConstant
                                                        "z"
                                                        (Character 1 1 () PointerString)
                                                    )
                                                    (Logical 4)
                                                    ()
                                                )
                                                [(Assignment
                                                    (Var 3 res)
                                                    (StringConstant
                                                        "z"
                                                        (Character 1 1 () PointerString)
                                                    )
                                                    ()
                                                )
                                                (Print
                                                    [(StringConstant
                                                        "one of z"
                                                        (Character 1 8 () PointerString)
                                                    )]
                                                    ()
                                                    ()
                                                )]
                                                [(Assignment
                                                    (Var 3 res)
                                                    (StringConstant
                                                        "not found"
                                                        (Character 1 9 () PointerString)
                                                    )
                                                    ()
                                                )
                                                (Print
                                                    [(StringConstant
                                                        "other characters, which may not be letters"
                                                        (Character 1 42 () PointerString)
                                                    )]
                                                    ()
                                                    ()
                                                )]
                                            )]
                                        )]
                                    )]
                                    (Var 3 res)
                                    Public
                                    .false.
                                    .false.
                                    ()
                                )
                        })
                    case_07
                    []
                    [(If
                        (StringCompare
                            (FunctionCall
                                2 test_case
                                ()
                                [((StringConstant
                                    "a"
                                    (Character 1 1 () PointerString)
                                ))]
                                (Character 1 10 () PointerString)
                                ()
                                ()
                            )
                            NotEq
                            (StringConstant
                                "a:j"
                                (Character 1 3 () PointerString)
                            )
                            (Logical 4)
                            ()
                        )
                        [(ErrorStop
                            ()
                        )]
                        []
                    )
                    (If
                        (StringCompare
                            (FunctionCall
                                2 test_case
                                ()
                                [((StringConstant
                                    "d"
                                    (Character 1 1 () PointerString)
                                ))]
                                (Character 1 10 () PointerString)
                                ()
                                ()
                            )
                            NotEq
                            (StringConstant
                                "a:j"
                                (Character 1 3 () PointerString)
                            )
                            (Logical 4)
                            ()
                        )
                        [(ErrorStop
                            ()
                        )]
                        []
                    )
                    (If
                        (StringCompare
                            (FunctionCall
                                2 test_case
                                ()
                                [((StringConstant
                                    "l"
                                    (Character 1 1 () PointerString)
                                ))]
                                (Character 1 10 () PointerString)
                                ()
                                ()
                            )
                            NotEq
                            (StringConstant
                                "l:p"
                                (Character 1 3 () PointerString)
                            )
                            (Logical 4)
                            ()
                        )
                        [(ErrorStop
                            ()
                        )]
                        []
                    )
                    (If
                        (StringCompare
                            (FunctionCall
                                2 test_case
                                ()
                                [((StringConstant
                                    "p"
                                    (Character 1 1 () PointerString)
                                ))]
                                (Character 1 10 () PointerString)
                                ()
                                ()
                            )
                            NotEq
                            (StringConstant
                                "l:p"
                                (Character 1 3 () PointerString)
                            )
                            (Logical 4)
                            ()
                        )
                        [(ErrorStop
                            ()
                        )]
                        []
                    )
                    (If
                        (StringCompare
                            (FunctionCall
                                2 test_case
                                ()
                                [((StringConstant
                                    "z"
                                    (Character 1 1 () PointerString)
                                ))]
                                (Character 1 10 () PointerString)
                                ()
                                ()
                            )
                            NotEq
                            (StringConstant
                                "z"
                                (Character 1 1 () PointerString)
                            )
                            (Logical 4)
                            ()
                        )
                        [(ErrorStop
                            ()
                        )]
                        []
                    )
                    (If
                        (StringCompare
                            (FunctionCall
                                2 test_case
                                ()
                                [((StringConstant
                                    "k"
                                    (Character 1 1 () PointerString)
                                ))]
                                (Character 1 10 () PointerString)
                                ()
                                ()
                            )
                            NotEq
                            (StringConstant
                                "not found"
                                (Character 1 9 () PointerString)
                            )
                            (Logical 4)
                            ()
                        )
                        [(ErrorStop
                            ()
                        )]
                        []
                    )
                    (If
                        (StringCompare
                            (FunctionCall
                                2 test_case
                                ()
                                [((StringConstant
                                    "r"
                                    (Character 1 1 () PointerString)
                                ))]
                                (Character 1 10 () PointerString)
                                ()
                                ()
                            )
                            NotEq
                            (StringConstant
                                "not found"
                                (Character 1 9 () PointerString)
                            )
                            (Logical 4)
                            ()
                        )
                        [(ErrorStop
                            ()
                        )]
                        []
                    )]
                )
        })
    []
)
